// Jest Snapshot v1, https://goo.gl/fbAQLP

exports[`render apply password form component should not have input component at success 1`] = `ShallowWrapper {}`;

exports[`render apply password form component should render the apply password form 1`] = `ShallowWrapper {}`;
