// Jest Snapshot v1, https://goo.gl/fbAQLP

exports[`Login Component... Should render login component 1`] = `ShallowWrapper {}`;
