// Jest Snapshot v1, https://goo.gl/fbAQLP

exports[`FETCH ARTICLES action Fetch GET_ARTICLE when the article found 1`] = `Array []`;

exports[`FETCH ARTICLES action Fetch GET_ARTICLES when the articles found 1`] = `Array []`;
